// Vitest Snapshot v1

exports[`test PERT with wings extension in JIRA > should post an accurate PERT estimate table in JIRA ticket. 1`] = `
"Task

	

Estimate




Analysis/Solution Design, Scoping and Documenting

	

1h

Task

	

Optimistic 
Estimate

	

Likely 
Estimate

	

Pessimistic 
Estimate

	

PERT 
Estimate




My task

	

1h

	

2h

	

6h

	

2h 30m

Task

	

Optimistic 
Estimate

	

Likely 
Estimate

	

Pessimistic 
Estimate

	

PERT 
Estimate




Total Development Tasks Time

	

1h

	

2h

	

6h

	

2h 30m




Ticket Specific Communications

	

0h 06m

	

0h 12m

	

0h 36m

	

0h 15m




Code Review & Fixes

	

0h 06m

	

0h 12m

	

0h 36m

	

0h 15m




Total Estimate, including Analysis effort

	

2h 12m

	

3h 24m

	

8h 12m

	

4h


"
`;
